+ ss
+ su
+ ut
+ tt
+ su(1)
+ uu
+ ss(1)
+ ut(1)
+ ts
+ ut(2)
+ su(2)
+ ts(1)
+ su(3)
+ ts(2)
+ ss(2)
+ us
+ st
+ ut(3)
+ us(1)
+ us(2)
+ us(3)
+ st(1)
+ us(4)
+ tt(1)
+ us(5)
+ ss(3)
+ tt(2)
+ st(2)
r us(4) -> us(4)
r su(1) -> tt(3)
+ us(6)
+ tt(4)
+ st(3)
+ tu
+ tu(1)
+ ts(3)
+ tu(2)
+ ss(4)
r tu(1) -> ts(4)
+ st(4)
r tt(1) -> us(7)
+ uu(1)
+ st(5)
+ ss(5)
+ tt(1)
+ st(6)
+ tu(1)
+ uu(2)
+ ss(6)
+ ut(4)
+ ts(5)
+ ss(7)
+ su(1)
+ ts(6)
+ uu(3)
r ss(2) -> st(7)
+ ut(5)
r tt(1) -> tu(3)
+ st(8)
+ tu(4)
+ uu(4)
+ su(4)
+ uu(5)
+ uu(6)
+ tu(5)
+ ts(7)
+ ut(6)
+ tu(6)
+ ts(8)
+ uu(7)
+ uu(8)
+ us(8)
+ ss(2)
+ uu(9)
+ su(5)
+ ss(8)
+ us(9)
+ tu(7)
+ ut(7)
+ us(10)
+ uu(10)
+ ut(8)
+ us(11)
+ uu(11)
+ us(12)
r tu(6) -> tt(1)
+ ss(9)
+ ut(9)
+ ss(10)
r ts(6) -> uu(12)
+ ut(10)
+ tu(6)
+ tu(8)
+ ts(6)
+ su(6)
+ tt(5)
+ tt(6)
+ st(9)
+ tt(7)
+ ss(11)
+ tu(9)
+ tt(8)
+ ts(9)
+ st(10)
+ st(11)
+ st(12)
r tt(5) -> tu(10)
+ ut(11)
+ su(7)
+ tu(11)
+ tu(12)
+ st(13)
+ su(8)
+ st(14)
+ us(13)
+ ss(12)
+ tu(13)
+ ut(12)
+ us(14)
+ su(9)
+ ut(13)
+ uu(13)
+ su(10)
+ us(15)
+ ts(10)
+ tt(5)
+ su(11)
+ ts(11)
+ ts(12)
+ ss(13)
+ ts(13)
+ ss(14)
+ ss(15)
+ st(15)
+ su(12)
+ us(16)
+ tt(9)
+ uu(14)
+ us(17)
+ tt(10)
+ us(18)
+ ut(14)
+ tu(14)
+ ss(16)
+ st(16)
+ st(17)
r st(8) -> ss(17)
+ ts(14)
+ us(19)
+ tu(15)
+ ut(15)
+ ss(18)
+ ut(16)
+ us(20)
+ tu(16)
+ ut(17)
+ uu(15)
+ ss(19)
+ st(8)
+ su(13)
+ tt(11)
+ tt(12)
+ st(18)
+ ut(18)
+ ts(15)
+ ss(20)
+ us(21)
r tu(1) -> st(19)
+ tt(13)
+ st(20)
+ ut(19)
+ ts(16)
+ ut(20)
+ tu(1)
+ us(22)
+ ut(21)
+ st(21)
+ uu(16)
+ ss(21)
+ su(14)
+ uu(17)
+ st(22)
+ st(23)
+ ss(22)
+ su(15)
+ ss(23)
+ ss(24)
+ tu(17)
+ st(24)
+ su(16)
+ ss(25)
+ ss(26)
+ us(23)
r ut(18) -> ut(18)
+ uu(18)
+ su(17)
+ tt(14)
+ tu(18)
+ ss(27)
+ tt(15)
+ ts(17)
+ tt(16)
r ss(21) -> uu(19)
+ tt(17)
+ ts(18)
+ tu(19)
+ st(25)
+ st(26)
+ st(27)
+ ss(21)
+ tu(20)
+ st(28)
+ tt(18)
+ tu(21)
+ tt(19)
+ uu(20)
+ us(24)
+ ut(22)
+ uu(21)
+ ts(19)
+ su(18)
+ ts(20)
+ ut(23)
+ ss(28)
+ ut(24)
+ uu(22)
+ uu(23)
+ tt(20)
+ tt(21)
+ uu(24)
+ ss(29)
+ uu(25)
+ tu(22)
+ us(25)
+ uu(26)
+ uu(27)
+ tu(23)
+ ts(21)
+ st(29)
+ st(30)
+ su(19)
+ tu(24)
+ ts(22)
+ ts(23)
+ tt(22)
+ ss(30)
+ uu(28)
+ ts(24)
+ ut(25)
+ tt(23)
+ ss(31)
+ st(31)
+ uu(29)
+ ut(26)
+ ts(25)
+ st(32)
+ uu(30)
+ ts(26)
+ us(26)
+ ut(27)
+ su(20)
r us(21) -> tt(24)
+ ts(27)
+ ss(32)
+ tt(25)
+ ss(33)
+ us(21)
+ st(33)
+ ss(34)
+ us(27)
+ ts(28)
+ tu(25)
+ ts(29)
+ st(34)
+ ts(30)
+ ut(28)
+ ss(35)
+ su(21)
+ tu(26)
+ tu(27)
+ ut(29)
+ ts(31)
+ st(35)
r uu(26) -> ut(30)
+ ut(31)
r ts(27) -> tu(28)
+ tt(26)
+ tt(27)
+ ut(32)
+ uu(26)
+ ts(27)
+ uu(31)
+ su(22)
+ ss(36)
+ tt(28)
+ su(23)
+ tt(29)
+ uu(32)
+ us(28)
+ uu(33)
+ ss(37)
+ st(36)
+ su(24)
+ su(25)
+ uu(34)
+ tu(29)
+ ts(32)
r su(14) -> ss(38)
+ ss(39)
+ ss(40)
r us(23) -> uu(35)
+ uu(36)
+ su(14)
+ ut(33)
+ ts(33)
+ us(23)
r ts(30) -> ut(34)
+ su(26)
+ tu(30)
+ ut(35)
+ su(27)
+ ss(41)
r ts(17) -> st(37)
+ uu(37)
+ tt(30)
+ ut(36)
+ tt(31)
+ tt(32)
+ tu(31)
r uu(30) -> tu(32)
+ ts(17)
+ ut(37)
+ ts(30)
r ut(32) -> tu(33)
+ tt(33)
+ ss(42)
+ tt(34)
+ ut(32)
+ st(38)
+ us(29)
+ ss(43)
+ tt(35)
r ts(24) -> ut(38)
+ ut(39)
+ ts(24)
+ tt(36)
+ st(39)
+ ss(44)
+ tu(34)
+ ts(34)
+ ss(45)
+ tu(35)
+ su(28)
+ su(29)
+ ts(35)
+ su(30)
+ tt(37)
+ ut(40)
+ uu(30)
+ st(40)
+ st(41)
+ ss(46)
+ st(42)
+ tt(38)
+ ts(36)
+ ut(41)
+ us(30)
+ ss(47)
+ uu(38)
+ su(31)
+ st(43)
+ su(32)
+ uu(39)
+ st(44)
+ us(31)
+ su(33)
+ tu(36)
+ ss(48)
+ tu(37)
+ tt(39)
+ st(45)
+ tu(38)
+ uu(40)
+ uu(41)
+ ut(42)
+ us(32)
+ st(46)
+ us(33)
+ ut(43)
+ tt(40)
+ su(34)
+ us(34)
+ ss(49)
+ su(35)
+ su(36)
+ tu(39)
+ tu(40)
+ tu(41)
+ ut(44)
+ ss(50)
+ tt(41)
+ ut(45)
+ ut(46)
+ us(35)
+ tt(42)
+ su(37)
+ st(47)
+ ts(37)
r tu(9) -> us(36)
+ ss(51)
+ uu(42)
+ su(38)
+ su(39)
+ ts(38)
+ ss(52)
+ ss(53)
+ ts(39)
+ us(37)
+ ss(54)
+ ss(55)
+ uu(43)
+ tt(43)
+ su(40)
+ tt(44)
+ tt(45)
+ tt(46)
+ su(41)
+ uu(44)
+ us(38)
+ us(39)
+ ts(40)
+ uu(45)
+ su(42)
+ tt(47)
+ tu(9)
+ ut(47)
+ st(48)
+ st(49)
+ ss(56)
+ ss(57)
+ uu(46)
+ tt(48)
+ su(43)
+ ts(41)
+ tu(42)
+ tt(49)
+ us(40)
+ ss(58)
+ ut(48)
r ut(1) -> us(41)
+ tu(43)
+ tt(50)
+ su(44)
+ us(42)
+ tt(51)
+ tu(44)
r tu(24) -> su(45)
+ ut(1)
+ tt(52)
+ tt(53)
+ su(46)
+ ut(49)
+ su(47)
+ su(48)
+ ut(50)
+ su(49)
+ ss(59)
+ ts(42)
+ uu(47)
+ ss(60)
+ st(50)
+ uu(48)
+ tu(24)
+ ts(43)
+ uu(49)
+ ts(44)
+ us(43)
+ us(44)
+ ts(45)
+ ut(51)
+ uu(50)
+ tt(54)
+ ut(52)
+ uu(51)
+ tu(45)
+ ts(46)
+ uu(52)
+ uu(53)
+ tt(55)
+ ss(61)
+ ut(53)
+ tu(46)
+ tu(47)
+ uu(54)
+ ut(54)
+ ss(62)
+ ts(47)
+ ss(63)
+ st(51)
+ tt(56)
